[2026-03-16T08:04:15.965Z] Authentication success: User john.dev@ems.com (team-lead) for GET /api/notifications
[2026-03-16T08:04:26.145Z] Authentication success: User manager@ems.com (manager) for GET /api/notifications
[2026-03-16T08:04:31.835Z] Authentication success: User manager@ems.com (manager) for GET /api/notifications
[2026-03-16T08:04:45.420Z] Authentication success: User john.dev@ems.com (team-lead) for GET /api/notifications
[2026-03-16T08:04:45.880Z] Authentication success: User admin@ems.com (admin) for GET /api/notifications
[2026-03-16T08:04:50.892Z] Authentication success: User jane.dev@ems.com (employee) for GET /api/employee/notifications
[2026-03-16T08:04:50.895Z] Authentication success: User jane.dev@ems.com (employee) for GET /api/employee/notifications
[2026-03-16T08:05:01.923Z] Authentication success: User manager@ems.com (manager) for GET /api/notifications
[2026-03-16T08:05:15.391Z] Authentication success: User john.dev@ems.com (team-lead) for GET /api/notifications
[2026-03-16T08:05:38.453Z] Authentication success: User manager@ems.com (manager) for GET /api/notifications
[2026-03-16T08:05:40.252Z] Authentication success: User manager@ems.com (manager) for GET /api/manager/projects/all
[2026-03-16T08:05:40.254Z] Authentication success: User manager@ems.com (manager) for GET /api/manager/projects/all
[2026-03-16T08:05:40.392Z] Authentication success: User manager@ems.com (manager) for GET /api/manager/projects/stats
[2026-03-16T08:05:40.393Z] Authentication success: User manager@ems.com (manager) for GET /api/manager/projects/stats
[2026-03-16T08:05:40.477Z] Authentication success: User manager@ems.com (manager) for GET /api/manager/projects/all
[2026-03-16T08:05:40.479Z] Authentication success: User manager@ems.com (manager) for GET /api/manager/projects/all
[2026-03-16T08:05:40.554Z] Authentication success: User manager@ems.com (manager) for GET /api/manager/projects/stats
[2026-03-16T08:05:40.555Z] Authentication success: User manager@ems.com (manager) for GET /api/manager/projects/stats
[2026-03-16T08:05:45.866Z] Authentication success: User john.dev@ems.com (team-lead) for GET /api/notifications
[2026-03-16T08:05:46.870Z] Authentication success: User admin@ems.com (admin) for GET /api/notifications
[2026-03-16T08:05:51.876Z] Authentication success: User jane.dev@ems.com (employee) for GET /api/employee/notifications
[2026-03-16T08:05:51.877Z] Authentication success: User jane.dev@ems.com (employee) for GET /api/employee/notifications
[2026-03-16T08:06:02.292Z] Authentication success: User manager@ems.com (manager) for GET /api/notifications
[2026-03-16T08:06:15.892Z] Authentication success: User john.dev@ems.com (team-lead) for GET /api/notifications
[2026-03-16T08:06:31.846Z] Authentication success: User manager@ems.com (manager) for GET /api/notifications
